[124月2025 20:30:06.585] [main/INFO] [cpw.mods.modlauncher.Launcher/MODLAUNCHER]: ModLauncher running: args [--launchTarget, forgeclientuserdev, --version, 21.0.37-beta, --assetIndex, 17, --assetsDir, C:\Users\Luzove El\.gradle\caches\neoformruntime\assets, --gameDir, ., --fml.neoForgeVersion, 21.0.37-beta, --fml.fmlVersion, 4.0.6, --fml.mcVersion, 1.21, --fml.neoFormVersion, 20240613.152323]
[124月2025 20:30:06.586] [main/INFO] [cpw.mods.modlauncher.Launcher/MODLAUNCHER]: JVM identified as Azul Systems, Inc. OpenJDK 64-Bit Server VM 21.0.6+7-LTS
[124月2025 20:30:06.587] [main/INFO] [cpw.mods.modlauncher.Launcher/MODLAUNCHER]: ModLauncher 11.0.3+main.0f24dec3 starting: java version 21.0.6 by Azul Systems, Inc.; OS Windows 11 arch amd64 version 10.0
[124月2025 20:30:06.695] [main/INFO] [net.neoforged.fml.loading.ImmediateWindowHandler/]: Loading ImmediateWindowProvider fmlearlywindow
[124月2025 20:30:06.766] [main/INFO] [EARLYDISPLAY/]: Trying GL version 4.6
[124月2025 20:30:06.864] [main/INFO] [EARLYDISPLAY/]: Requested GL version 4.6 got version 4.6
[124月2025 20:30:06.927] [main/INFO] [mixin/]: SpongePowered MIXIN Subsystem Version=0.8.5 Source=union:/C:/Users/Luzove%20El/.gradle/caches/modules-2/files-2.1/net.fabricmc/sponge-mixin/0.13.4+mixin.0.8.5/8adf0cff1795a169141b9e16ad7b9f6e2527a990/sponge-mixin-0.13.4+mixin.0.8.5.jar%23131!/ Service=ModLauncher Env=CLIENT
[124月2025 20:30:07.049] [pool-2-thread-1/INFO] [EARLYDISPLAY/]: GL info: NVIDIA GeForce RTX 4080 SUPER/PCIe/SSE2 GL version 4.6.0 NVIDIA 572.83, NVIDIA Corporation
[124月2025 20:30:07.203] [main/INFO] [net.neoforged.fml.loading.moddiscovery.locators.JarInJarDependencyLocator/]: Found 1 dependencies adding them to mods collection
[124月2025 20:30:07.289] [main/INFO] [net.neoforged.fml.loading.FMLServiceProvider/CORE]: Loading coremod script-engine for [neoforge]
[124月2025 20:30:08.295] [main/INFO] [mixin/]: Compatibility level set to JAVA_18
[124月2025 20:30:08.296] [main/INFO] [mixin/]: Compatibility level set to JAVA_21
[124月2025 20:30:08.298] [main/INFO] [cpw.mods.modlauncher.LaunchServiceHandler/MODLAUNCHER]: Launching target 'forgeclientuserdev' with arguments [--version, 21.0.37-beta, --gameDir, ., --assetsDir, C:\Users\Luzove El\.gradle\caches\neoformruntime\assets, --assetIndex, 17]
[124月2025 20:30:08.349] [main/WARN] [mixin/]: Reference map 'furtalcraft.refmap.json' for furtalcraft.mixins.json could not be read. If this is a development environment you can ignore this message
[124月2025 20:30:08.511] [main/INFO] [MixinExtras|Service/]: Initializing MixinExtras via com.llamalad7.mixinextras.service.MixinExtrasServiceImpl(version=0.3.5).
[124月2025 20:30:09.373] [Datafixer Bootstrap/INFO] [com.mojang.datafixers.DataFixerBuilder/]: 229 Datafixer optimizations took 228 milliseconds
[124月2025 20:30:12.306] [main/WARN] [net.minecraft.commands.Commands/]: Ambiguity between arguments [teleport, location] and [teleport, destination] with inputs: [0.1 -0.5 .9, 0 0 0]
[124月2025 20:30:12.308] [main/WARN] [net.minecraft.commands.Commands/]: Ambiguity between arguments [teleport, location] and [teleport, targets] with inputs: [0.1 -0.5 .9, 0 0 0]
[124月2025 20:30:12.309] [main/WARN] [net.minecraft.commands.Commands/]: Ambiguity between arguments [teleport, destination] and [teleport, targets] with inputs: [Player, 0123, @e, dd12be42-52a9-4a91-a8a1-11c01849e498]
[124月2025 20:30:12.310] [main/WARN] [net.minecraft.commands.Commands/]: Ambiguity between arguments [teleport, targets] and [teleport, destination] with inputs: [Player, 0123, dd12be42-52a9-4a91-a8a1-11c01849e498]
[124月2025 20:30:12.310] [main/WARN] [net.minecraft.commands.Commands/]: Ambiguity between arguments [teleport, targets, location] and [teleport, targets, destination] with inputs: [0.1 -0.5 .9, 0 0 0]
[124月2025 20:30:12.378] [Render thread/WARN] [net.minecraft.server.packs.VanillaPackResourcesBuilder/]: Assets URL 'union:/D:/Projects/IDEA/Projects/furtel-craft/neoforge/build/moddev/artifacts/neoforge-21.0.37-beta-minecraft-merged.jar%23184!/assets/.mcassetsroot' uses unexpected schema
[124月2025 20:30:12.378] [Render thread/WARN] [net.minecraft.server.packs.VanillaPackResourcesBuilder/]: Assets URL 'union:/D:/Projects/IDEA/Projects/furtel-craft/neoforge/build/moddev/artifacts/neoforge-21.0.37-beta-minecraft-merged.jar%23184!/data/.mcassetsroot' uses unexpected schema
[124月2025 20:30:12.399] [Render thread/INFO] [com.mojang.authlib.yggdrasil.YggdrasilAuthenticationService/]: Environment: Environment[sessionHost=https://sessionserver.mojang.com, servicesHost=https://api.minecraftservices.com, name=PROD]
[124月2025 20:30:12.404] [Render thread/INFO] [net.minecraft.client.Minecraft/]: Setting user: Dev
[124月2025 20:30:12.462] [Render thread/INFO] [net.minecraft.client.Minecraft/]: Backend library: LWJGL version 3.3.3+5
[124月2025 20:30:12.598] [modloading-worker-0/INFO] [FurtalCraft/]: Hello NeoForge world!
[124月2025 20:30:12.600] [modloading-worker-0/INFO] [FurtalCraft/]: Hello from Common init on NeoForge! we are currently in a development environment!
[124月2025 20:30:12.600] [modloading-worker-0/INFO] [FurtalCraft/]: The ID for diamonds is minecraft:diamond
[124月2025 20:30:12.601] [modloading-worker-0/INFO] [FurtalCraft/]: Hello to furtalcraft
[124月2025 20:30:12.606] [modloading-worker-0/INFO] [net.neoforged.neoforge.common.NeoForgeMod/NEOFORGE-MOD]: NeoForge mod loading, version 21.0.37-beta, for MC 1.21
[124月2025 20:30:12.943] [Render thread/INFO] [net.neoforged.neoforge.gametest.GameTestHooks/]: Enabled Gametest Namespaces: [furtalcraft]
[124月2025 20:30:13.003] [Render thread/INFO] [net.minecraft.server.packs.resources.ReloadableResourceManager/]: Reloading ResourceManager: vanilla, mod_resources, mod/furtalcraft, mod/neoforge
[124月2025 20:30:13.109] [Render thread/INFO] [FurtalCraft/]: This line is printed by the FurtalCraft common mixin!
[124月2025 20:30:13.110] [Render thread/INFO] [FurtalCraft/]: MC Version: release
[124月2025 20:30:13.127] [Worker-Main-30/INFO] [net.minecraft.client.gui.font.providers.UnihexProvider/]: Found unifont_all_no_pua-15.1.05.hex, loading
[124月2025 20:30:13.127] [Worker-Main-12/INFO] [net.minecraft.client.gui.font.providers.UnihexProvider/]: Found unifont_jp_patch-15.1.05.hex, loading
[124月2025 20:30:13.613] [Worker-Main-9/WARN] [net.minecraft.client.resources.model.BlockStateModelLoader/]: Exception loading blockstate definition: 'furtalcraft:blockstates/example-block.json' missing model for variant: 'furtalcraft:example-block#'
[124月2025 20:30:14.073] [Render thread/WARN] [net.minecraft.client.sounds.SoundEngine/]: Missing sound for event: minecraft:item.goat_horn.play
[124月2025 20:30:14.073] [Render thread/WARN] [net.minecraft.client.sounds.SoundEngine/]: Missing sound for event: minecraft:entity.goat.screaming.horn_break
[124月2025 20:30:14.172] [Render thread/INFO] [com.mojang.blaze3d.audio.Library/]: OpenAL initialized on device OpenAL Soft on 扬声器 (EDIFIER M230)
[124月2025 20:30:14.173] [Render thread/INFO] [net.minecraft.client.sounds.SoundEngine/SOUNDS]: Sound engine started
[124月2025 20:30:14.244] [Render thread/INFO] [net.minecraft.client.renderer.texture.TextureAtlas/]: Created: 1024x512x4 minecraft:textures/atlas/blocks.png-atlas
[124月2025 20:30:14.250] [Render thread/INFO] [net.minecraft.client.renderer.texture.TextureAtlas/]: Created: 256x256x4 minecraft:textures/atlas/signs.png-atlas
[124月2025 20:30:14.250] [Render thread/INFO] [net.minecraft.client.renderer.texture.TextureAtlas/]: Created: 512x512x4 minecraft:textures/atlas/shield_patterns.png-atlas
[124月2025 20:30:14.251] [Render thread/INFO] [net.minecraft.client.renderer.texture.TextureAtlas/]: Created: 512x512x4 minecraft:textures/atlas/banner_patterns.png-atlas
[124月2025 20:30:14.251] [Render thread/INFO] [net.minecraft.client.renderer.texture.TextureAtlas/]: Created: 1024x1024x4 minecraft:textures/atlas/armor_trims.png-atlas
[124月2025 20:30:14.252] [Render thread/INFO] [net.minecraft.client.renderer.texture.TextureAtlas/]: Created: 256x256x4 minecraft:textures/atlas/chest.png-atlas
[124月2025 20:30:14.252] [Render thread/INFO] [net.minecraft.client.renderer.texture.TextureAtlas/]: Created: 128x64x4 minecraft:textures/atlas/decorated_pot.png-atlas
[124月2025 20:30:14.253] [Render thread/INFO] [net.minecraft.client.renderer.texture.TextureAtlas/]: Created: 512x256x4 minecraft:textures/atlas/shulker_boxes.png-atlas
[124月2025 20:30:14.253] [Render thread/INFO] [net.minecraft.client.renderer.texture.TextureAtlas/]: Created: 512x256x4 minecraft:textures/atlas/beds.png-atlas
[124月2025 20:30:14.382] [Render thread/INFO] [net.minecraft.client.renderer.texture.TextureAtlas/]: Created: 512x256x0 minecraft:textures/atlas/particles.png-atlas
[124月2025 20:30:14.383] [Render thread/INFO] [net.minecraft.client.renderer.texture.TextureAtlas/]: Created: 512x256x0 minecraft:textures/atlas/paintings.png-atlas
[124月2025 20:30:14.383] [Render thread/INFO] [net.minecraft.client.renderer.texture.TextureAtlas/]: Created: 256x128x0 minecraft:textures/atlas/mob_effects.png-atlas
[124月2025 20:30:14.383] [Render thread/INFO] [net.minecraft.client.renderer.texture.TextureAtlas/]: Created: 64x64x0 minecraft:textures/atlas/map_decorations.png-atlas
[124月2025 20:30:14.384] [Render thread/INFO] [net.minecraft.client.renderer.texture.TextureAtlas/]: Created: 1024x512x0 minecraft:textures/atlas/gui.png-atlas
[124月2025 20:30:14.397] [Render thread/WARN] [net.minecraft.client.renderer.ShaderInstance/]: Shader rendertype_entity_translucent_emissive could not find sampler named Sampler2 in the specified shader program.
[124月2025 20:30:14.440] [Render thread/INFO] [FurtalCraft/]: This line is printed by the FurtalCraft mixin from NeoForge!
[124月2025 20:30:14.440] [Render thread/INFO] [FurtalCraft/]: MC Version: release
[124月2025 20:30:14.446] [Render thread/INFO] [FurtalCraft/]: This line is printed by the FurtalCraft mixin from NeoForge!
[124月2025 20:30:14.446] [Render thread/INFO] [FurtalCraft/]: MC Version: release
[124月2025 20:30:19.382] [Render thread/INFO] [net.minecraft.world.item.crafting.RecipeManager/]: Loaded 1290 recipes
[124月2025 20:30:19.509] [Render thread/INFO] [net.minecraft.advancements.AdvancementTree/]: Loaded 1399 advancements
[124月2025 20:30:19.717] [Server thread/INFO] [net.minecraft.client.server.IntegratedServer/]: Starting integrated minecraft server version 1.21
[124月2025 20:30:19.718] [Server thread/INFO] [net.minecraft.server.MinecraftServer/]: Generating keypair
[124月2025 20:30:19.844] [Server thread/INFO] [net.minecraft.server.MinecraftServer/]: Preparing start region for dimension minecraft:overworld
[124月2025 20:30:19.977] [progressListener/INFO] [net.minecraft.server.level.progress.LoggerChunkProgressListener/]: 准备生成区域中：0%
[124月2025 20:30:20.023] [Server thread/INFO] [net.neoforged.neoforge.server.permission.PermissionAPI/]: Successfully initialized permission handler neoforge:default_handler
[124月2025 20:30:20.034] [progressListener/INFO] [net.minecraft.server.level.progress.LoggerChunkProgressListener/]: Time elapsed: 181 ms
[124月2025 20:30:20.072] [Server thread/INFO] [net.minecraft.client.server.IntegratedServer/]: Changing view distance to 12, from 10
[124月2025 20:30:20.073] [Server thread/INFO] [net.minecraft.client.server.IntegratedServer/]: Changing simulation distance to 12, from 0
[124月2025 20:30:20.516] [Server thread/INFO] [net.minecraft.server.players.PlayerList/]: Dev[local:E:481a1fc5] logged in with entity id 28 at (8.5, -60.0, -8.5)
[124月2025 20:30:20.559] [Server thread/INFO] [net.minecraft.server.MinecraftServer/]: Dev加入了游戏
[124月2025 20:30:20.877] [Render thread/INFO] [net.minecraft.advancements.AdvancementTree/]: Loaded 2 advancements
[124月2025 20:35:24.125] [Server thread/INFO] [net.minecraft.client.server.IntegratedServer/]: Saving and pausing game...
[124月2025 20:35:24.134] [Server thread/INFO] [net.minecraft.server.MinecraftServer/]: Saving chunks for level 'ServerLevel[新的世界]'/minecraft:overworld
[124月2025 20:35:24.143] [Server thread/INFO] [net.minecraft.server.MinecraftServer/]: Saving chunks for level 'ServerLevel[新的世界]'/minecraft:the_nether
[124月2025 20:35:24.148] [Server thread/INFO] [net.minecraft.server.MinecraftServer/]: Saving chunks for level 'ServerLevel[新的世界]'/minecraft:the_end
[124月2025 20:35:24.828] [Server thread/INFO] [net.minecraft.server.network.ServerGamePacketListenerImpl/]: Dev lost connection: 连接中断
[124月2025 20:35:24.828] [Server thread/INFO] [net.minecraft.server.MinecraftServer/]: Dev退出了游戏
[124月2025 20:35:24.836] [Server thread/INFO] [net.minecraft.server.network.ServerCommonPacketListenerImpl/]: Stopping singleplayer server as player logged out
[124月2025 20:35:24.876] [Server thread/INFO] [net.minecraft.server.MinecraftServer/]: Stopping server
[124月2025 20:35:24.876] [Server thread/INFO] [net.minecraft.server.MinecraftServer/]: Saving players
[124月2025 20:35:24.876] [Server thread/INFO] [net.minecraft.server.MinecraftServer/]: Saving worlds
[124月2025 20:35:24.991] [Server thread/INFO] [net.minecraft.server.MinecraftServer/]: Saving chunks for level 'ServerLevel[新的世界]'/minecraft:overworld
[124月2025 20:35:25.025] [Server thread/INFO] [net.minecraft.server.MinecraftServer/]: Saving chunks for level 'ServerLevel[新的世界]'/minecraft:the_nether
[124月2025 20:35:25.029] [Server thread/INFO] [net.minecraft.server.MinecraftServer/]: Saving chunks for level 'ServerLevel[新的世界]'/minecraft:the_end
[124月2025 20:35:25.035] [Server thread/INFO] [net.minecraft.server.MinecraftServer/]: ThreadedAnvilChunkStorage (新的世界): All chunks are saved
[124月2025 20:35:25.035] [Server thread/INFO] [net.minecraft.server.MinecraftServer/]: ThreadedAnvilChunkStorage (DIM-1): All chunks are saved
[124月2025 20:35:25.035] [Server thread/INFO] [net.minecraft.server.MinecraftServer/]: ThreadedAnvilChunkStorage (DIM1): All chunks are saved
[124月2025 20:35:25.035] [Server thread/INFO] [net.minecraft.server.MinecraftServer/]: ThreadedAnvilChunkStorage: All dimensions are saved
[124月2025 20:35:25.088] [Render thread/INFO] [FurtalCraft/]: This line is printed by the FurtalCraft mixin from NeoForge!
[124月2025 20:35:25.088] [Render thread/INFO] [FurtalCraft/]: MC Version: release
[124月2025 20:35:26.108] [Render thread/INFO] [net.minecraft.client.Minecraft/]: Stopping!
